
[1m[46m RUN [49m[22m [36mv4.0.18 [39m[90mD:/newViteApp/Axe_code[39m

cmd : Cannot parse D:/newViteApp/Axe_code/tests/useCases/useUpdateUserBio.test.js:
At line:1 char:1
+ cmd /c npx vitest run tests/useCases/useUpdateUserBio.test.js tests/u ...
+ ~~~~~~~~~~~~~~~~~~~~~~~~~~~~~~~~~~~~~~~~~~~~~~~~~~~~~~~~~~~~~~~~~~~~~
    + CategoryInfo          : NotSpecified: (Cannot parse D:...serBio.test.js::String) [], RemoteException
    + FullyQualifiedErrorId : NativeCommandError
 
Expected ',', got '}'.
 [32mظ£ô[39m tests/useCases/useLikeContent.test.js[2m > [22museLikeContent Hook[2m > [22mshould successfully toggle like[32m 144[2mms[22m[39m
 [31m├ù[39m tests/useCases/useRateContent.test.js[2m > [22museRateContent Hook[2m > [22mshould successfully submit rating[32m 161[2mms[22m[39m
[31m   ظْ expected "vi.fn()" to be called with arguments: [ 'course-1', 5 ][90m

Received: 

[1m  1st vi.fn() call:

[22m[2m  [[22m
[2m    "course-1",[22m
[2m    5,[22m
[31m+   undefined,[90m
[2m  ][22m
[31m[90m

Number of calls: [1m1[22m
[31m[39m

[31mظ»ظ»ظ»ظ»ظ»ظ»[39m[1m[41m Failed Suites 1 [49m[22m[31mظ»ظ»ظ»ظ»ظ»ظ»ظ»[39m

[41m[1m FAIL [22m[49m tests/useCases/useUpdateUserBio.test.js[2m [ tests/useCases/useUpdateUserBio.test.js ][22m
[31m[1mError[22m: Failed to parse source for import analysis because the content contains invalid JS syntax. If you 
are using JSX, make sure to name the file with the .jsx or .tsx extension.[39m
  Plugin: [35mvite:import-analysis[39m
  File: [36mD:/newViteApp/Axe_code/tests/useCases/useUpdateUserBio.test.js[39m:60:1
[33m  58 |          expect(result.current.updateError).toBe('Update failed');
  59 |      });
  60 |  });
     |   ^
  61 |  [39m
[90m [2mظإ»[22m TransformPluginContext._formatLog 
node_modules/vite/dist/node/chunks/dep-Bj7gA1-0.js:[2m31422:43[22m[39m
[90m [2mظإ»[22m TransformPluginContext.error 
node_modules/vite/dist/node/chunks/dep-Bj7gA1-0.js:[2m31419:14[22m[39m
[90m [2mظإ»[22m TransformPluginContext.transform 
node_modules/vite/dist/node/chunks/dep-Bj7gA1-0.js:[2m29854:10[22m[39m
[90m [2mظإ»[22m EnvironmentPluginContainer.transform 
node_modules/vite/dist/node/chunks/dep-Bj7gA1-0.js:[2m31220:14[22m[39m
[90m [2mظإ»[22m loadAndTransform node_modules/vite/dist/node/chunks/dep-Bj7gA1-0.js:[2m26307:26[22m[39m

[31m[2mظ»ظ»ظ»ظ»ظ»ظ»ظ»ظ»ظ»ظ»ظ»ظ»ظ»ظ»ظ»ظ»ظ»ظ»ظ»ظ»ظ»ظ»ظ»ظ»[1/2]ظ»[22m[39m


[31mظ»ظ»ظ»ظ»ظ»ظ»ظ»[39m[1m[41m Failed Tests 1 [49m[22m[31mظ»ظ»ظ»ظ»ظ»ظ»ظ»[39m

[41m[1m FAIL [22m[49m tests/useCases/useRateContent.test.js[2m > [22museRateContent Hook[2m > [22mshould 
successfully submit rating
[31m[1mAssertionError[22m: expected "vi.fn()" to be called with arguments: [ 'course-1', 5 ][90m

Received: 

[1m  1st vi.fn() call:

[22m[2m  [[22m
[2m    "course-1",[22m
[2m    5,[22m
[31m+   undefined,[90m
[2m  ][22m
[31m[90m

Number of calls: [1m1[22m
[31m[39m
[36m [2mظإ»[22m tests/useCases/useRateContent.test.js:[2m30:26[22m[39m
    [90m 28| [39m        })[33m;[39m
    [90m 29| [39m
    [90m 30| [39m        
[34mexpect[39m(mockRate)[33m.[39m[34mtoHaveBeenCalledWith[39m([32m'course-1'[39m[33m,[39m 
[34m5[39m)[33m;[39m
    [90m   | [39m                         [31m^[39m
    [90m 31| [39m        
[34mexpect[39m(result[33m.[39mcurrent[33m.[39misRating)[33m.[39m[34mtoBe[39m([35mfalse[39m)[33m;[39m
    [90m 32| [39m    })[33m;[39m

[31m[2mظ»ظ»ظ»ظ»ظ»ظ»ظ»ظ»ظ»ظ»ظ»ظ»ظ»ظ»ظ»ظ»ظ»ظ»ظ»ظ»ظ»ظ»ظ»ظ»[2/2]ظ»[22m[39m


[2m Test Files [22m [1m[31m2 failed[39m[22m[2m | [22m[1m[32m1 passed[39m[22m[90m (3)[39m
[2m      Tests [22m [1m[31m1 failed[39m[22m[2m | [22m[1m[32m1 passed[39m[22m[90m (2)[39m
[2m   Start at [22m 21:32:50
[2m   Duration [22m 7.78s[2m (transform 399ms, setup 1.27s, import 1.75s, tests 324ms, environment 16.50s)[22m

